// Jest Snapshot v1, https://goo.gl/fbAQLP

exports[`Typist should render matching snapshot 1`] = `
<styled.div>
  <styled.p
    blinkTime={3}
    color="#868686"
    fontFamily="monospace"
    fontSize="2em"
    typingTime={10}
  >
    Hello there!
  </styled.p>
</styled.div>
`;
